
	**********************************************************************************
	**                                                                              **
	**           program for rotational-vibrational levels and properties           **
	**                              of diatomic molecules                           **
	**                                                                              **
	**                              2022 A. Oleynichenko                            **
	**                       compiled Jan 11 2022 13:23:55                          **
	**                                                                              **
	**********************************************************************************

 > started at Tue Jan 11 13:24:44 2022

 > echo of the input file

   #
   # Test KCs-2:
   #
   # rovibrational levels for the KCs X1Sigma+ (ground) state.
   #
   # integrator: finite-difference 2nd order (FD2)
   # grid size : 1000 points
   #
   # PEC points are taken from:
   #
   # R. Ferber, I. Klincare, O. Nikolayeva, M. Tamanis, H. KnÃ¶ckel, E. Tiemann, A. Pashov
   # The ground electronic state of KCs studied by Fourier transform spectroscopy.
   # J. Chem. Phys. 128, 244316 (2008)
   # doi: 10.1063/1.2943677
   #
   
   masses 38.9637064864 132.9054519610
   
   rotlevels 0 0
   viblevels 0 100
   
   solver fd2
   grid_size 1000
   
   potential angstrom cm
   2.96	6642.22304
   3.07	5251.03323
   3.18	4114.95587
   3.28	3259.10337
   3.39	2471.28274
   3.49	1872.91959
   3.60	1329.47297
   3.70	929.82495
   3.81	584.3905
   3.92	328.22864
   4.02	164.9078
   4.13	53.24036
   4.23	6.20638
   4.284	0.0
   4.34	6.42871
   4.45	53.15732
   4.55	129.57575
   4.66	244.44043
   4.76	371.61532
   4.87	531.12408
   4.97	689.67359
   5.08	874.64042
   5.19	1066.64792
   5.29	1244.25429
   5.40	1440.06994
   5.50	1616.2963
   5.61	1806.07193
   5.72	1989.76547
   5.82	2150.2079
   5.93	2318.42212
   6.03	2463.12485
   6.14	2612.73114
   6.24	2739.78057
   6.35	2869.59437
   6.46	2989.0711
   6.56	3088.94455
   6.77	3272.87236
   6.99	3431.3572
   7.30	3604.21159
   7.73	3768.78718
   8.15	3871.06335
   8.57	3936.26916
   9.00	3978.91543
   9.42	4005.88258
   9.84	4023.74952
   10.69	4044.39386
   12.01	4058.12694
   13.07	4063.00261
   14.13	4064.39727
   end

 > input data:

   reduced mass        : 30.13041471 (amu) = 54924.38606775 (electron masses)
   vibrational levels  : from 0 to 100
   rotational levels   : from 0 to 0
   elec transition     : no
   write wavefun files : no
   grid size           : 1000 points
   solver (integrator) : 2nd order finite difference (FD2)
   mapping of r grid   : identity = off

           r [a.u.]          U1(r) [a.u.]  
         5.593589328892      0.030264194995
         5.801459202601      0.023925467820
         6.009329076310      0.018749118495
         6.198301688773      0.014849567578
         6.406171562481      0.011259992668
         6.595144174944      0.008533649554
         6.803014048653      0.006057524561
         6.991986661115      0.004236594199
         7.199856534824      0.002662679037
         7.407726408533      0.001495519723
         7.596699020996      0.000751375223
         7.804568894704      0.000242580929
         7.993541507167      0.000028278348
         8.095586717897      0.000000000000
         8.201411380876      0.000029291358
         8.409281254585      0.000242202571
         8.598253867047      0.000590390558
         8.806123740756      0.001113752548
         8.995096353219      0.001693203983
         9.202966226928      0.002419979369
         9.391938839390      0.003142384091
         9.599808713099      0.003985154979
         9.807678586808      0.004860005520
         9.996651199270      0.005669239685
        10.204521072979      0.006561441434
        10.393493685442      0.007364387811
        10.601363559151      0.008229069204
        10.809233432859      0.009066038556
        10.998206045322      0.009797068056
        11.206075919031      0.010563508436
        11.395048531493      0.011222822586
        11.602918405202      0.011904479000
        11.791891017665      0.012483358796
        11.999760891374      0.013074833990
        12.207630765082      0.013619210026
        12.396603377545      0.014074266947
        12.793445863716      0.014912303712
        13.209185611134      0.015634413776
        13.795000709768      0.016421996326
        14.607582943357      0.017171857889
        15.401267915700      0.017637862408
        16.194952888043      0.017934961939
        17.007535121632      0.018129272642
        17.801220093975      0.018252144018
        18.594905066318      0.018333551787
        20.201172272249      0.018427614321
        22.695610756755      0.018490186838
        24.698720448859      0.018512402025
        26.701830140962      0.018518756563

 > begin ground state potential

 > equilibrium parameters

   e(min) = -0.000000000003 a.u. = -0.000001 cm^-1
   re     = 8.0956 a.u. = 4.2840 angstrom

 > analysis in the harmonic oscillator + rigid rotor approximation

   we = 68.4002 cm^-1
   Be = 0.0305 cm^-1

 > analysis in the morse approximation

   (parameters are estimated at the minimum point only)
   alpha = 0.3909 bohr^-1
   De    = 0.017453 a.u. = 3831 cm^-1
   we    = 68.40 cm^-1
   wexe  = 0.31 cm^-1
   vmax  = 111

 > rovibrational energy levels

     J   v       energy, cm^-1        < r >, A        < prop >

@    0   0             34.1186        4.289815        0.000000
@    0   1            102.0606        4.301972        0.000000
@    0   2            169.5503        4.314236        0.000000
@    0   3            236.5877        4.326627        0.000000
@    0   4            303.1731        4.339134        0.000000
@    0   5            369.3063        4.351769        0.000000
@    0   6            434.9866        4.364531        0.000000
@    0   7            500.2133        4.377428        0.000000
@    0   8            564.9866        4.390460        0.000000
@    0   9            629.3049        4.403637        0.000000
@    0  10            693.1681        4.416960        0.000000
@    0  11            756.5751        4.430435        0.000000
@    0  12            819.5253        4.444062        0.000000
@    0  13            882.0179        4.457853        0.000000
@    0  14            944.0515        4.471813        0.000000
@    0  15           1005.6250        4.485943        0.000000
@    0  16           1066.7371        4.500253        0.000000
@    0  17           1127.3861        4.514745        0.000000
@    0  18           1187.5709        4.529424        0.000000
@    0  19           1247.2897        4.544303        0.000000
@    0  20           1306.5405        4.559385        0.000000
@    0  21           1365.3218        4.574675        0.000000
@    0  22           1423.6315        4.590183        0.000000
@    0  23           1481.4676        4.605918        0.000000
@    0  24           1538.8279        4.621884        0.000000
@    0  25           1595.7102        4.638095        0.000000
@    0  26           1652.1120        4.654559        0.000000
@    0  27           1708.0307        4.671284        0.000000
@    0  28           1763.4638        4.688277        0.000000
@    0  29           1818.4086        4.705553        0.000000
@    0  30           1872.8618        4.723119        0.000000
@    0  31           1926.8205        4.740985        0.000000
@    0  32           1980.2814        4.759166        0.000000
@    0  33           2033.2407        4.777673        0.000000
@    0  34           2085.6948        4.796514        0.000000
@    0  35           2137.6400        4.815707        0.000000
@    0  36           2189.0722        4.835267        0.000000
@    0  37           2239.9873        4.855204        0.000000
@    0  38           2290.3811        4.875535        0.000000
@    0  39           2340.2490        4.896281        0.000000
@    0  40           2389.5863        4.917459        0.000000
@    0  41           2438.3881        4.939087        0.000000
@    0  42           2486.6494        4.961185        0.000000
@    0  43           2534.3647        4.983776        0.000000
@    0  44           2581.5287        5.006878        0.000000
@    0  45           2628.1360        5.030519        0.000000
@    0  46           2674.1804        5.054727        0.000000
@    0  47           2719.6561        5.079526        0.000000
@    0  48           2764.5566        5.104945        0.000000
@    0  49           2808.8756        5.131017        0.000000
@    0  50           2852.6061        5.157773        0.000000
@    0  51           2895.7412        5.185251        0.000000
@    0  52           2938.2734        5.213492        0.000000
@    0  53           2980.1951        5.242526        0.000000
@    0  54           3021.4984        5.272393        0.000000
@    0  55           3062.1756        5.303138        0.000000
@    0  56           3102.2181        5.334817        0.000000
@    0  57           3141.6170        5.367493        0.000000
@    0  58           3180.3625        5.401219        0.000000
@    0  59           3218.4452        5.436037        0.000000
@    0  60           3255.8558        5.472009        0.000000
@    0  61           3292.5842        5.509212        0.000000
@    0  62           3328.6200        5.547730        0.000000
@    0  63           3363.9522        5.587648        0.000000
@    0  64           3398.5695        5.629049        0.000000
@    0  65           3432.4604        5.672038        0.000000
@    0  66           3465.6126        5.716730        0.000000
@    0  67           3498.0137        5.763242        0.000000
@    0  68           3529.6507        5.811697        0.000000
@    0  69           3560.5106        5.862221        0.000000
@    0  70           3590.5802        5.914964        0.000000
@    0  71           3619.8462        5.970086        0.000000
@    0  72           3648.2950        6.027782        0.000000
@    0  73           3675.9120        6.088296        0.000000
@    0  74           3702.6816        6.151908        0.000000
@    0  75           3728.5873        6.218872        0.000000
@    0  76           3753.6135        6.289409        0.000000
@    0  77           3777.7455        6.363779        0.000000
@    0  78           3800.9691        6.442325        0.000000
@    0  79           3823.2696        6.525554        0.000000
@    0  80           3844.6297        6.614112        0.000000
@    0  81           3865.0313        6.708430        0.000000
@    0  82           3884.4603        6.808860        0.000000
@    0  83           3902.9046        6.916143        0.000000
@    0  84           3920.3501        7.031372        0.000000
@    0  85           3936.7808        7.155519        0.000000
@    0  86           3952.1863        7.289084        0.000000
@    0  87           3966.5612        7.433572        0.000000
@    0  88           3979.8959        7.590923        0.000000
@    0  89           3992.1858        7.762166        0.000000
@    0  90           4003.4354        7.949518        0.000000
@    0  91           4013.6457        8.156240        0.000000
@    0  92           4022.8292        8.383568        0.000000
@    0  93           4031.0102        8.635231        0.000000
@    0  94           4038.2154        8.916963        0.000000
@    0  95           4044.4675        9.236436        0.000000
@    0  96           4049.8205        9.589263        0.000000
@    0  97           4054.3493        9.991194        0.000000
@    0  98           4058.1019       10.450892        0.000000
@    0  99           4061.1821       10.958611        0.000000
@    0 100           4063.6584       11.553705        0.000000

 > finished at Tue Jan 11 13:24:44 2022

